#-----------------------------------------------------------
# Vivado v2018.3 (64-bit)
# SW Build 2405991 on Thu Dec  6 23:38:27 MST 2018
# IP Build 2404404 on Fri Dec  7 01:43:56 MST 2018
# Start of session at: Sun May 26 12:46:54 2024
# Process ID: 19164
# Current directory: C:/Users/macie/Desktop/SDUP/Projekt_fft
# Command line: vivado.exe -gui_launcher_event rodinguilauncherevent18648 C:\Users\macie\Desktop\SDUP\Projekt_fft\Projekt_fft.xpr
# Log file: C:/Users/macie/Desktop/SDUP/Projekt_fft/vivado.log
# Journal file: C:/Users/macie/Desktop/SDUP/Projekt_fft\vivado.jou
#-----------------------------------------------------------
start_gui
open_project C:/Users/macie/Desktop/SDUP/Projekt_fft/Projekt_fft.xpr
update_compile_order -fileset sources_1
update_compile_order -fileset sources_1
launch_simulation
launch_simulation
launch_simulation
source fft_tb.tcl
run 10 us
run 10 us
relaunch_sim
run 10 us
run 10 us
run 10 us
run 10 us
update_compile_order -fileset sources_1
close_sim
launch_simulation
launch_simulation
source fft_tb.tcl
run 10 us
run 10 us
run 10 us
close_sim
