#-----------------------------------------------------------
# Vivado v2022.1 (64-bit)
# SW Build 3526262 on Mon Apr 18 15:48:16 MDT 2022
# IP Build 3524634 on Mon Apr 18 20:55:01 MDT 2022
# Start of session at: Wed Jun 12 10:34:47 2024
# Process ID: 9372
# Current directory: C:/Users/macie/Desktop/SDUP/Do_przerobki/Projekt_fft
# Command line: vivado.exe -gui_launcher_event rodinguilauncherevent2928 C:\Users\macie\Desktop\SDUP\Do_przerobki\Projekt_fft\Projekt_fft.xpr
# Log file: C:/Users/macie/Desktop/SDUP/Do_przerobki/Projekt_fft/vivado.log
# Journal file: C:/Users/macie/Desktop/SDUP/Do_przerobki/Projekt_fft\vivado.jou
# Running On: Maciek, OS: Windows, CPU Frequency: 2400 MHz, CPU Physical cores: 4, Host memory: 17024 MB
#-----------------------------------------------------------
start_gui
open_project C:/Users/macie/Desktop/SDUP/Do_przerobki/Projekt_fft/Projekt_fft.xpr
update_compile_order -fileset sources_1
launch_simulation
source fft_tb.tcl
close_sim
launch_simulation
source fft_tb.tcl
relaunch_sim
relaunch_sim
relaunch_sim
relaunch_sim
close_sim
